node.exe : npm warn Unknown cli config "--forceExit". This will stop working in the next major 
version of npm.
At C:\Program Files\nodejs\npm.ps1:29 char:3
+   & $NODE_EXE $NPM_CLI_JS $args
+   ~~~~~~~~~~~~~~~~~~~~~~~~~~~~~
    + CategoryInfo          : NotSpecified: (npm warn Unknow...version of npm.:String) [], RemoteE 
   xception
    + FullyQualifiedErrorId : NativeCommandError
 

> prepaxis@0.1.0 test
> react-scripts test

(node:8288) [DEP0040] DeprecationWarning: The `punycode` module is deprecated. Please use a 
userland alternative instead.
(Use `node --trace-deprecation ...` to show where the warning was created)
PASS src/__tests__/apiService.test.tsx
  ΓùÅ Console

    console.error
      Error storing resume review: Error: Firestore write failed
          at Object.<anonymous> (C:\Users\DELL\PrepAxis\src\__tests__\apiService.test.tsx:82:49)
          at Promise.then.completed 
(C:\Users\DELL\PrepAxis\node_modules\jest-circus\build\utils.js:391:28)
          at new Promise (<anonymous>)
          at callAsyncCircusFn 
(C:\Users\DELL\PrepAxis\node_modules\jest-circus\build\utils.js:316:10)
          at _callCircusTest (C:\Users\DELL\PrepAxis\node_modules\jest-circus\build\run.js:218:40)
          at processTicksAndRejections (node:internal/process/task_queues:105:5)
          at _runTest (C:\Users\DELL\PrepAxis\node_modules\jest-circus\build\run.js:155:3)
          at _runTestsForDescribeBlock 
(C:\Users\DELL\PrepAxis\node_modules\jest-circus\build\run.js:66:9)
          at _runTestsForDescribeBlock 
(C:\Users\DELL\PrepAxis\node_modules\jest-circus\build\run.js:60:9)
          at run (C:\Users\DELL\PrepAxis\node_modules\jest-circus\build\run.js:25:3)
          at runAndTransformResultsToJestFormat (C:\Users\DELL\PrepAxis\node_modules\jest-circus\bu
ild\legacy-code-todo-rewrite\jestAdapterInit.js:170:21)
          at jestAdapter (C:\Users\DELL\PrepAxis\node_modules\jest-circus\build\legacy-code-todo-re
write\jestAdapter.js:82:19)
          at runTestInternal 
(C:\Users\DELL\PrepAxis\node_modules\jest-runner\build\runTest.js:389:16)
          at runTest (C:\Users\DELL\PrepAxis\node_modules\jest-runner\build\runTest.js:475:34)
          at Object.worker 
(C:\Users\DELL\PrepAxis\node_modules\jest-runner\build\testWorker.js:133:12)

    [0m [90m 38 |[39m     [36mreturn[39m docRef[33m.[39mid[33m;[39m
     [90m 39 |[39m   } [36mcatch[39m (error) {
    [31m[1m>[22m[39m[90m 40 |[39m     console[33m.[39merror([32m'Error storing resume 
review:'[39m[33m,[39m error)[33m;[39m
     [90m    |[39m             [31m[1m^[22m[39m
     [90m 41 |[39m     [36mthrow[39m error[33m;[39m
     [90m 42 |[39m   }
     [90m 43 |[39m }[33m;[39m[0m

      at storeReviewTimestamp (src/services/apiService.ts:40:13)
      at Object.<anonymous> (src/__tests__/apiService.test.tsx:84:5)

    console.error
      Error fetching resume history: Error: Network error
          at Object.<anonymous> (C:\Users\DELL\PrepAxis\src\__tests__\apiService.test.tsx:121:50)
          at Promise.then.completed 
(C:\Users\DELL\PrepAxis\node_modules\jest-circus\build\utils.js:391:28)
          at new Promise (<anonymous>)
          at callAsyncCircusFn 
(C:\Users\DELL\PrepAxis\node_modules\jest-circus\build\utils.js:316:10)
          at _callCircusTest (C:\Users\DELL\PrepAxis\node_modules\jest-circus\build\run.js:218:40)
          at processTicksAndRejections (node:internal/process/task_queues:105:5)
          at _runTest (C:\Users\DELL\PrepAxis\node_modules\jest-circus\build\run.js:155:3)
          at _runTestsForDescribeBlock 
(C:\Users\DELL\PrepAxis\node_modules\jest-circus\build\run.js:66:9)
          at _runTestsForDescribeBlock 
(C:\Users\DELL\PrepAxis\node_modules\jest-circus\build\run.js:60:9)
          at run (C:\Users\DELL\PrepAxis\node_modules\jest-circus\build\run.js:25:3)
          at runAndTransformResultsToJestFormat (C:\Users\DELL\PrepAxis\node_modules\jest-circus\bu
ild\legacy-code-todo-rewrite\jestAdapterInit.js:170:21)
          at jestAdapter (C:\Users\DELL\PrepAxis\node_modules\jest-circus\build\legacy-code-todo-re
write\jestAdapter.js:82:19)
          at runTestInternal 
(C:\Users\DELL\PrepAxis\node_modules\jest-runner\build\runTest.js:389:16)
          at runTest (C:\Users\DELL\PrepAxis\node_modules\jest-runner\build\runTest.js:475:34)
          at Object.worker 
(C:\Users\DELL\PrepAxis\node_modules\jest-runner\build\testWorker.js:133:12)

    [0m [90m 69 |[39m     })[33m;[39m
     [90m 70 |[39m   } [36mcatch[39m (error) {
    [31m[1m>[22m[39m[90m 71 |[39m     console[33m.[39merror([32m'Error fetching resume 
history:'[39m[33m,[39m error)[33m;[39m
     [90m    |[39m             [31m[1m^[22m[39m
     [90m 72 |[39m     [36mreturn[39m [][33m;[39m
     [90m 73 |[39m   }
     [90m 74 |[39m }[33m;[39m[0m

      at getReviewHistory (src/services/apiService.ts:71:13)
      at Object.<anonymous> (src/__tests__/apiService.test.tsx:123:21)

    console.error
      Error deleting review: Error: Permission denied
          at Object.<anonymous> (C:\Users\DELL\PrepAxis\src\__tests__\apiService.test.tsx:161:52)
          at Promise.then.completed 
(C:\Users\DELL\PrepAxis\node_modules\jest-circus\build\utils.js:391:28)
          at new Promise (<anonymous>)
          at callAsyncCircusFn 
(C:\Users\DELL\PrepAxis\node_modules\jest-circus\build\utils.js:316:10)
          at _callCircusTest (C:\Users\DELL\PrepAxis\node_modules\jest-circus\build\run.js:218:40)
          at processTicksAndRejections (node:internal/process/task_queues:105:5)
          at _runTest (C:\Users\DELL\PrepAxis\node_modules\jest-circus\build\run.js:155:3)
          at _runTestsForDescribeBlock 
(C:\Users\DELL\PrepAxis\node_modules\jest-circus\build\run.js:66:9)
          at _runTestsForDescribeBlock 
(C:\Users\DELL\PrepAxis\node_modules\jest-circus\build\run.js:60:9)
          at run (C:\Users\DELL\PrepAxis\node_modules\jest-circus\build\run.js:25:3)
          at runAndTransformResultsToJestFormat (C:\Users\DELL\PrepAxis\node_modules\jest-circus\bu
ild\legacy-code-todo-rewrite\jestAdapterInit.js:170:21)
          at jestAdapter (C:\Users\DELL\PrepAxis\node_modules\jest-circus\build\legacy-code-todo-re
write\jestAdapter.js:82:19)
          at runTestInternal 
(C:\Users\DELL\PrepAxis\node_modules\jest-runner\build\runTest.js:389:16)
          at runTest (C:\Users\DELL\PrepAxis\node_modules\jest-runner\build\runTest.js:475:34)
          at Object.worker 
(C:\Users\DELL\PrepAxis\node_modules\jest-runner\build\testWorker.js:133:12)

    [0m [90m 103 |[39m     [36mreturn[39m [36mtrue[39m[33m;[39m
     [90m 104 |[39m   } [36mcatch[39m (error) {
    [31m[1m>[22m[39m[90m 105 |[39m     console[33m.[39merror([32m'Error deleting 
review:'[39m[33m,[39m error)[33m;[39m
     [90m     |[39m             [31m[1m^[22m[39m
     [90m 106 |[39m     [36mreturn[39m [36mfalse[39m[33m;[39m
     [90m 107 |[39m   }
     [90m 108 |[39m }[33m;[39m[0m

      at deleteReview (src/services/apiService.ts:105:13)
      at Object.<anonymous> (src/__tests__/apiService.test.tsx:163:20)

    console.error
      Error storing interview session: Error: Write failed
          at Object.<anonymous> (C:\Users\DELL\PrepAxis\src\__tests__\apiService.test.tsx:204:49)
          at Promise.then.completed 
(C:\Users\DELL\PrepAxis\node_modules\jest-circus\build\utils.js:391:28)
          at new Promise (<anonymous>)
          at callAsyncCircusFn 
(C:\Users\DELL\PrepAxis\node_modules\jest-circus\build\utils.js:316:10)
          at _callCircusTest (C:\Users\DELL\PrepAxis\node_modules\jest-circus\build\run.js:218:40)
          at processTicksAndRejections (node:internal/process/task_queues:105:5)
          at _runTest (C:\Users\DELL\PrepAxis\node_modules\jest-circus\build\run.js:155:3)
          at _runTestsForDescribeBlock 
(C:\Users\DELL\PrepAxis\node_modules\jest-circus\build\run.js:66:9)
          at _runTestsForDescribeBlock 
(C:\Users\DELL\PrepAxis\node_modules\jest-circus\build\run.js:60:9)
          at run (C:\Users\DELL\PrepAxis\node_modules\jest-circus\build\run.js:25:3)
          at runAndTransformResultsToJestFormat (C:\Users\DELL\PrepAxis\node_modules\jest-circus\bu
ild\legacy-code-todo-rewrite\jestAdapterInit.js:170:21)
          at jestAdapter (C:\Users\DELL\PrepAxis\node_modules\jest-circus\build\legacy-code-todo-re
write\jestAdapter.js:82:19)
          at runTestInternal 
(C:\Users\DELL\PrepAxis\node_modules\jest-runner\build\runTest.js:389:16)
          at runTest (C:\Users\DELL\PrepAxis\node_modules\jest-runner\build\runTest.js:475:34)
          at Object.worker 
(C:\Users\DELL\PrepAxis\node_modules\jest-runner\build\testWorker.js:133:12)

    [0m [90m 156 |[39m     [36mreturn[39m docRef[33m.[39mid[33m;[39m
     [90m 157 |[39m   } [36mcatch[39m (error) {
    [31m[1m>[22m[39m[90m 158 |[39m     console[33m.[39merror([32m'Error storing interview 
session:'[39m[33m,[39m error)[33m;[39m
     [90m     |[39m             [31m[1m^[22m[39m
     [90m 159 |[39m     [36mthrow[39m error[33m;[39m
     [90m 160 |[39m   }
     [90m 161 |[39m }[33m;[39m[0m

      at storeInterviewSession (src/services/apiService.ts:158:13)
      at Object.<anonymous> (src/__tests__/apiService.test.tsx:206:5)

    console.error
      Error fetching interview history: Error: Network error
          at Object.<anonymous> (C:\Users\DELL\PrepAxis\src\__tests__\apiService.test.tsx:234:50)
          at Promise.then.completed 
(C:\Users\DELL\PrepAxis\node_modules\jest-circus\build\utils.js:391:28)
          at new Promise (<anonymous>)
          at callAsyncCircusFn 
(C:\Users\DELL\PrepAxis\node_modules\jest-circus\build\utils.js:316:10)
          at _callCircusTest (C:\Users\DELL\PrepAxis\node_modules\jest-circus\build\run.js:218:40)
          at processTicksAndRejections (node:internal/process/task_queues:105:5)
          at _runTest (C:\Users\DELL\PrepAxis\node_modules\jest-circus\build\run.js:155:3)
          at _runTestsForDescribeBlock 
(C:\Users\DELL\PrepAxis\node_modules\jest-circus\build\run.js:66:9)
          at _runTestsForDescribeBlock 
(C:\Users\DELL\PrepAxis\node_modules\jest-circus\build\run.js:60:9)
          at run (C:\Users\DELL\PrepAxis\node_modules\jest-circus\build\run.js:25:3)
          at runAndTransformResultsToJestFormat (C:\Users\DELL\PrepAxis\node_modules\jest-circus\bu
ild\legacy-code-todo-rewrite\jestAdapterInit.js:170:21)
          at jestAdapter (C:\Users\DELL\PrepAxis\node_modules\jest-circus\build\legacy-code-todo-re
write\jestAdapter.js:82:19)
          at runTestInternal 
(C:\Users\DELL\PrepAxis\node_modules\jest-runner\build\runTest.js:389:16)
          at runTest (C:\Users\DELL\PrepAxis\node_modules\jest-runner\build\runTest.js:475:34)
          at Object.worker 
(C:\Users\DELL\PrepAxis\node_modules\jest-runner\build\testWorker.js:133:12)

    [0m [90m 190 |[39m     })[33m;[39m
     [90m 191 |[39m   } [36mcatch[39m (error) {
    [31m[1m>[22m[39m[90m 192 |[39m     console[33m.[39merror([32m'Error fetching 
interview history:'[39m[33m,[39m error)[33m;[39m
     [90m     |[39m             [31m[1m^[22m[39m
     [90m 193 |[39m     [36mreturn[39m [][33m;[39m
     [90m 194 |[39m   }
     [90m 195 |[39m }[33m;[39m[0m

      at getInterviewHistory (src/services/apiService.ts:192:13)
      at Object.<anonymous> (src/__tests__/apiService.test.tsx:236:22)

    console.error
      Error deleting interview session: Error: Permission denied
          at Object.<anonymous> (C:\Users\DELL\PrepAxis\src\__tests__\apiService.test.tsx:252:52)
          at Promise.then.completed 
(C:\Users\DELL\PrepAxis\node_modules\jest-circus\build\utils.js:391:28)
          at new Promise (<anonymous>)
          at callAsyncCircusFn 
(C:\Users\DELL\PrepAxis\node_modules\jest-circus\build\utils.js:316:10)
          at _callCircusTest (C:\Users\DELL\PrepAxis\node_modules\jest-circus\build\run.js:218:40)
          at processTicksAndRejections (node:internal/process/task_queues:105:5)
          at _runTest (C:\Users\DELL\PrepAxis\node_modules\jest-circus\build\run.js:155:3)
          at _runTestsForDescribeBlock 
(C:\Users\DELL\PrepAxis\node_modules\jest-circus\build\run.js:66:9)
          at _runTestsForDescribeBlock 
(C:\Users\DELL\PrepAxis\node_modules\jest-circus\build\run.js:60:9)
          at run (C:\Users\DELL\PrepAxis\node_modules\jest-circus\build\run.js:25:3)
          at runAndTransformResultsToJestFormat (C:\Users\DELL\PrepAxis\node_modules\jest-circus\bu
ild\legacy-code-todo-rewrite\jestAdapterInit.js:170:21)
          at jestAdapter (C:\Users\DELL\PrepAxis\node_modules\jest-circus\build\legacy-code-todo-re
write\jestAdapter.js:82:19)
          at runTestInternal 
(C:\Users\DELL\PrepAxis\node_modules\jest-runner\build\runTest.js:389:16)
          at runTest (C:\Users\DELL\PrepAxis\node_modules\jest-runner\build\runTest.js:475:34)
          at Object.worker 
(C:\Users\DELL\PrepAxis\node_modules\jest-runner\build\testWorker.js:133:12)

    [0m [90m 201 |[39m     [36mreturn[39m [36mtrue[39m[33m;[39m
     [90m 202 |[39m   } [36mcatch[39m (error) {
    [31m[1m>[22m[39m[90m 203 |[39m     console[33m.[39merror([32m'Error deleting 
interview session:'[39m[33m,[39m error)[33m;[39m
     [90m     |[39m             [31m[1m^[22m[39m
     [90m 204 |[39m     [36mreturn[39m [36mfalse[39m[33m;[39m
     [90m 205 |[39m   }
     [90m 206 |[39m }[33m;[39m[0m

      at deleteInterviewSession (src/services/apiService.ts:203:13)
      at Object.<anonymous> (src/__tests__/apiService.test.tsx:254:20)

FAIL src/__tests__/DashboardHome.test.tsx
  ΓùÅ Test suite failed to run

    Cannot find module '../pages/dashboard/DashboardHome' from 
'src/pages/dashboard/DashboardHome.tsx'

    Require stack:
      src/pages/dashboard/DashboardHome.tsx
      src/__tests__/DashboardHome.test.tsx

    [0m [90m 4 |[39m [36mimport[39m { [33mMemoryRouter[39m } [36mfrom[39m 
[32m'react-router-dom'[39m[33m;[39m
     [90m 5 |[39m [36mimport[39m { getDocs } [36mfrom[39m 
[32m'firebase/firestore'[39m[33m;[39m
    [31m[1m>[22m[39m[90m 6 |[39m [36mimport[39m [33mDashboardHome[39m [36mfrom[39m 
[32m'../pages/dashboard/DashboardHome'[39m[33m;[39m
     [90m   |[39m [31m[1m^[22m[39m
     [90m 7 |[39m
     [90m 8 |[39m [36mconst[39m renderDashboard [33m=[39m () [33m=>[39m
     [90m 9 |[39m   render([0m

      at Resolver.resolveModule (node_modules/jest-resolve/build/resolver.js:324:11)
      at Object.<anonymous> (src/pages/dashboard/DashboardHome.tsx:6:1)
      at Object.<anonymous> (src/__tests__/DashboardHome.test.tsx:6:1)

(node:10700) [DEP0040] DeprecationWarning: The `punycode` module is deprecated. Please use a 
userland alternative instead.
(Use `node --trace-deprecation ...` to show where the warning was created)
(node:11268) [DEP0040] DeprecationWarning: The `punycode` module is deprecated. Please use a 
userland alternative instead.
(Use `node --trace-deprecation ...` to show where the warning was created)
(node:12504) [DEP0040] DeprecationWarning: The `punycode` module is deprecated. Please use a 
userland alternative instead.
(Use `node --trace-deprecation ...` to show where the warning was created)
PASS src/__tests__/Loginpage.test.tsx
  ΓùÅ Console

    console.warn
      ΓÜá∩╕Å React Router Future Flag Warning: React Router will begin wrapping state updates in 
`React.startTransition` in v7. You can use the `v7_startTransition` future flag to opt-in early. 
For more information, see https://reactrouter.com/v6/upgrading/future#v7_starttransition.

    [0m [90m  9 |[39m [90m// Helper to render LoginPage with router[39m
     [90m 10 |[39m [36mconst[39m renderLoginPage [33m=[39m () [33m=>[39m
    [31m[1m>[22m[39m[90m 11 |[39m   render(
     [90m    |[39m         [31m[1m^[22m[39m
     [90m 12 |[39m     [33m<[39m[33mMemoryRouter[39m[33m>[39m
     [90m 13 |[39m       [33m<[39m[33mLoginPage[39m [33m/[39m[33m>[39m
     [90m 14 |[39m     [33m<[39m[33m/[39m[33mMemoryRouter[39m[33m>[39m[0m

      at warnOnce (node_modules/react-router/lib/deprecations.ts:9:13)
      at logDeprecation (node_modules/react-router/lib/deprecations.ts:14:3)
      at logV6DeprecationWarnings (node_modules/react-router/lib/deprecations.ts:26:5)
      at node_modules/react-router/lib/components.tsx:257:25
      at Object.react_stack_bottom_frame 
(node_modules/react-dom/cjs/react-dom-client.development.js:25989:20)
      at runWithFiberInDEV (node_modules/react-dom/cjs/react-dom-client.development.js:874:13)
      at commitHookEffectListMount 
(node_modules/react-dom/cjs/react-dom-client.development.js:13249:29)
      at commitHookPassiveMountEffects 
(node_modules/react-dom/cjs/react-dom-client.development.js:13336:11)
      at commitPassiveMountOnFiber 
(node_modules/react-dom/cjs/react-dom-client.development.js:15484:13)
      at recursivelyTraversePassiveMountEffects 
(node_modules/react-dom/cjs/react-dom-client.development.js:15439:11)
      at commitPassiveMountOnFiber 
(node_modules/react-dom/cjs/react-dom-client.development.js:15519:11)
      at flushPassiveEffects (node_modules/react-dom/cjs/react-dom-client.development.js:18432:9)
      at node_modules/react-dom/cjs/react-dom-client.development.js:17923:15
      at flushActQueue (node_modules/react/cjs/react.development.js:590:34)
      at Object.<anonymous>.process.env.NODE_ENV.exports.act 
(node_modules/react/cjs/react.development.js:884:10)
      at node_modules/@testing-library/react/dist/act-compat.js:46:25
      at renderRoot (node_modules/@testing-library/react/dist/pure.js:189:26)
      at render (node_modules/@testing-library/react/dist/pure.js:291:10)
      at renderLoginPage (src/__tests__/Loginpage.test.tsx:11:9)
      at Object.<anonymous> (src/__tests__/Loginpage.test.tsx:23:5)

    console.warn
      ΓÜá∩╕Å React Router Future Flag Warning: Relative route resolution within Splat routes is 
changing in v7. You can use the `v7_relativeSplatPath` future flag to opt-in early. For more 
information, see https://reactrouter.com/v6/upgrading/future#v7_relativesplatpath.

    [0m [90m  9 |[39m [90m// Helper to render LoginPage with router[39m
     [90m 10 |[39m [36mconst[39m renderLoginPage [33m=[39m () [33m=>[39m
    [31m[1m>[22m[39m[90m 11 |[39m   render(
     [90m    |[39m         [31m[1m^[22m[39m
     [90m 12 |[39m     [33m<[39m[33mMemoryRouter[39m[33m>[39m
     [90m 13 |[39m       [33m<[39m[33mLoginPage[39m [33m/[39m[33m>[39m
     [90m 14 |[39m     [33m<[39m[33m/[39m[33mMemoryRouter[39m[33m>[39m[0m

      at warnOnce (node_modules/react-router/lib/deprecations.ts:9:13)
      at logDeprecation (node_modules/react-router/lib/deprecations.ts:14:3)
      at logV6DeprecationWarnings (node_modules/react-router/lib/deprecations.ts:37:5)
      at node_modules/react-router/lib/components.tsx:257:25
      at Object.react_stack_bottom_frame 
(node_modules/react-dom/cjs/react-dom-client.development.js:25989:20)
      at runWithFiberInDEV (node_modules/react-dom/cjs/react-dom-client.development.js:874:13)
      at commitHookEffectListMount 
(node_modules/react-dom/cjs/react-dom-client.development.js:13249:29)
      at commitHookPassiveMountEffects 
(node_modules/react-dom/cjs/react-dom-client.development.js:13336:11)
      at commitPassiveMountOnFiber 
(node_modules/react-dom/cjs/react-dom-client.development.js:15484:13)
      at recursivelyTraversePassiveMountEffects 
(node_modules/react-dom/cjs/react-dom-client.development.js:15439:11)
      at commitPassiveMountOnFiber 
(node_modules/react-dom/cjs/react-dom-client.development.js:15519:11)
      at flushPassiveEffects (node_modules/react-dom/cjs/react-dom-client.development.js:18432:9)
      at node_modules/react-dom/cjs/react-dom-client.development.js:17923:15
      at flushActQueue (node_modules/react/cjs/react.development.js:590:34)
      at Object.<anonymous>.process.env.NODE_ENV.exports.act 
(node_modules/react/cjs/react.development.js:884:10)
      at node_modules/@testing-library/react/dist/act-compat.js:46:25
      at renderRoot (node_modules/@testing-library/react/dist/pure.js:189:26)
      at render (node_modules/@testing-library/react/dist/pure.js:291:10)
      at renderLoginPage (src/__tests__/Loginpage.test.tsx:11:9)
      at Object.<anonymous> (src/__tests__/Loginpage.test.tsx:23:5)

A worker process has failed to exit gracefully and has been force exited. This is likely caused by 
tests leaking due to improper teardown. Try running with --detectOpenHandles to find leaks. Active 
timers can also cause this, ensure that .unref() was called on them.

Test Suites: 1 failed, 2 passed, 3 of 5 total
Tests:       28 passed, 28 total
Snapshots:   0 total
Time:        12.901 s
Test run was interrupted.

Test Suites: 0 of 5 total
Tests:       0 total
Snapshots:   0 total
Time:        0.116 s, estimated 12 s
Test run was interrupted.


